// Jest Snapshot v1, https://goo.gl/fbAQLP

exports[`Storyshots Button with text 1`] = `
.c0 {
  background: none;
  border: 1px solid blue;
}

<button
  className="c0"
  onClick={[Function]}
>
  aaa
</button>
`;
