// Jest Snapshot v1, https://goo.gl/fbAQLP

exports[`Storyshots Images initial props 1`] = `
.c0 {
  border: 1px solid black;
}

<div
  className="c0"
>
  <img
    alt="gameControllerPng"
    src="game-controller.png"
  />
  <img
    alt="gameControllerJpg"
    src="game-controller.jpg"
  />
  <img
    alt="spinnerGif"
    src="spinner.gif"
  />
  <spinner.svg />
</div>
`;
